
  VITE v8.0.10  ready in 632 ms

  ➜  Local:   http://127.0.0.1:5173/RLSW/
  ➜  press h + enter to show help
18:56:48 [vite] (client) page reload .scratch/stage-pyro/pyro.js
18:56:51 [vite] (client) page reload .scratch/stage-pyro/preview.js
18:56:51 [vite] (client) page reload .scratch/stage-lasers/preview.js
18:56:51 [vite] (client) page reload .scratch/stage-pyro/index.html
18:56:52 [vite] (client) hmr update /.scratch/stage-pyro/style.css?direct
18:56:52 [vite] (client) hmr update /.scratch/stage-lasers/style.css?direct
18:58:22 [vite] (client) page reload .scratch/stage-hazards/motion.js
18:59:36 [vite] (client) page reload .scratch/stage-pyro/preview.js
18:59:36 [vite] (client) page reload .scratch/stage-lasers/preview.js
18:59:36 [vite] (client) hmr update /.scratch/stage-pyro/style.css?direct
19:22:11 [vite] (client) page reload .scratch/pyro-shove/index.html
19:22:44 [vite] (client) page reload .scratch/pyro-shove/pyro-shove.standalone.html
19:22:44 [vite] (client) page reload .scratch/pyro-shove/pyro-shove.standalone.html
19:22:45 [vite] (client) page reload .scratch/pyro-shove/pyro-shove.standalone.html
19:22:45 [vite] (client) page reload .scratch/pyro-shove/pyro-shove.standalone.html
19:22:45 [vite] (client) page reload .scratch/pyro-shove/pyro-shove.standalone.html
19:22:45 [vite] (client) page reload .scratch/pyro-shove/pyro-shove.standalone.html
19:22:45 [vite] (client) page reload .scratch/pyro-shove/pyro-shove.standalone.html
19:22:45 [vite] (client) page reload .scratch/pyro-shove/pyro-shove.standalone.html
19:22:45 [vite] (client) page reload .scratch/pyro-shove/pyro-shove.standalone.html
19:22:45 [vite] (client) page reload .scratch/pyro-shove/pyro-shove.standalone.html
19:22:45 [vite] (client) page reload .scratch/pyro-shove/pyro-shove.standalone.html
19:22:45 [vite] (client) page reload .scratch/pyro-shove/pyro-shove.standalone.html
19:22:45 [vite] (client) page reload .scratch/pyro-shove/pyro-shove.standalone.html
19:22:45 [vite] (client) page reload .scratch/pyro-shove/pyro-shove.standalone.html
19:22:45 [vite] (client) page reload .scratch/pyro-shove/pyro-shove.standalone.html
19:22:45 [vite] (client) page reload .scratch/pyro-shove/pyro-shove.standalone.html
19:22:45 [vite] (client) page reload .scratch/pyro-shove/pyro-shove.standalone.html
19:22:45 [vite] (client) page reload .scratch/pyro-shove/pyro-shove.standalone.html
19:22:45 [vite] (client) page reload .scratch/pyro-shove/pyro-shove.standalone.html
19:22:45 [vite] (client) page reload .scratch/pyro-shove/pyro-shove.standalone.html
19:22:45 [vite] (client) page reload .scratch/pyro-shove/pyro-shove.standalone.html
19:22:46 [vite] (client) page reload .scratch/pyro-shove/pyro-shove.standalone.html
19:22:46 [vite] (client) page reload .scratch/pyro-shove/pyro-shove.standalone.html
19:22:46 [vite] (client) page reload .scratch/pyro-shove/pyro-shove.standalone.html
19:22:46 [vite] (client) page reload .scratch/pyro-shove/pyro-shove.standalone.html
19:22:46 [vite] (client) page reload .scratch/pyro-shove/pyro-shove.standalone.html
19:22:46 [vite] (client) page reload .scratch/pyro-shove/pyro-shove.standalone.html
19:22:46 [vite] (client) page reload .scratch/pyro-shove/pyro-shove.standalone.html
19:22:46 [vite] (client) page reload .scratch/pyro-shove/pyro-shove.standalone.html
19:22:46 [vite] (client) page reload .scratch/pyro-shove/pyro-shove.standalone.html
19:22:46 [vite] (client) page reload .scratch/pyro-shove/pyro-shove.standalone.html
19:22:46 [vite] (client) page reload .scratch/pyro-shove/pyro-shove.standalone.html
19:22:46 [vite] (client) page reload .scratch/pyro-shove/pyro-shove.standalone.html
19:22:46 [vite] (client) page reload .scratch/pyro-shove/pyro-shove.standalone.html
19:22:46 [vite] (client) page reload .scratch/pyro-shove/pyro-shove.standalone.html
19:22:46 [vite] (client) page reload .scratch/pyro-shove/pyro-shove.standalone.html
19:22:46 [vite] (client) page reload .scratch/pyro-shove/pyro-shove.standalone.html
19:22:46 [vite] (client) page reload .scratch/pyro-shove/pyro-shove.standalone.html
19:22:46 [vite] (client) page reload .scratch/pyro-shove/pyro-shove.standalone.html
19:22:46 [vite] (client) page reload .scratch/pyro-shove/pyro-shove.standalone.html
19:22:47 [vite] (client) page reload .scratch/pyro-shove/pyro-shove.standalone.html
19:22:47 [vite] (client) page reload .scratch/pyro-shove/pyro-shove.standalone.html
19:23:43 [vite] (client) page reload .scratch/pyro-shove/pyro-shove.standalone.html
19:23:43 [vite] (client) page reload .scratch/pyro-shove/pyro-shove.standalone.html
19:23:43 [vite] (client) page reload .scratch/pyro-shove/pyro-shove.standalone.html
19:23:43 [vite] (client) page reload .scratch/pyro-shove/pyro-shove.standalone.html
19:23:43 [vite] (client) page reload .scratch/pyro-shove/pyro-shove.standalone.html
19:23:43 [vite] (client) page reload .scratch/pyro-shove/pyro-shove.standalone.html
19:23:43 [vite] (client) page reload .scratch/pyro-shove/pyro-shove.standalone.html
19:23:43 [vite] (client) page reload .scratch/pyro-shove/pyro-shove.standalone.html
19:23:43 [vite] (client) page reload .scratch/pyro-shove/pyro-shove.standalone.html
19:23:43 [vite] (client) page reload .scratch/pyro-shove/pyro-shove.standalone.html
19:23:43 [vite] (client) page reload .scratch/pyro-shove/pyro-shove.standalone.html
19:23:43 [vite] (client) page reload .scratch/pyro-shove/pyro-shove.standalone.html
19:23:44 [vite] (client) page reload .scratch/pyro-shove/pyro-shove.standalone.html
19:23:44 [vite] (client) page reload .scratch/pyro-shove/pyro-shove.standalone.html
19:23:44 [vite] (client) page reload .scratch/pyro-shove/pyro-shove.standalone.html
19:23:44 [vite] (client) page reload .scratch/pyro-shove/pyro-shove.standalone.html
19:23:44 [vite] (client) page reload .scratch/pyro-shove/pyro-shove.standalone.html
19:23:44 [vite] (client) page reload .scratch/pyro-shove/pyro-shove.standalone.html
19:23:44 [vite] (client) page reload .scratch/pyro-shove/pyro-shove.standalone.html
19:23:44 [vite] (client) page reload .scratch/pyro-shove/pyro-shove.standalone.html
19:23:44 [vite] (client) page reload .scratch/pyro-shove/pyro-shove.standalone.html
19:23:44 [vite] (client) page reload .scratch/pyro-shove/pyro-shove.standalone.html
19:23:44 [vite] (client) page reload .scratch/pyro-shove/pyro-shove.standalone.html
19:23:44 [vite] (client) page reload .scratch/pyro-shove/pyro-shove.standalone.html
19:23:44 [vite] (client) page reload .scratch/pyro-shove/pyro-shove.standalone.html
19:23:44 [vite] (client) page reload .scratch/pyro-shove/pyro-shove.standalone.html
19:23:44 [vite] (client) page reload .scratch/pyro-shove/pyro-shove.standalone.html
19:23:44 [vite] (client) page reload .scratch/pyro-shove/pyro-shove.standalone.html
19:23:44 [vite] (client) page reload .scratch/pyro-shove/pyro-shove.standalone.html
19:23:44 [vite] (client) page reload .scratch/pyro-shove/pyro-shove.standalone.html
19:23:44 [vite] (client) page reload .scratch/pyro-shove/pyro-shove.standalone.html
19:23:45 [vite] (client) page reload .scratch/pyro-shove/pyro-shove.standalone.html
19:23:45 [vite] (client) page reload .scratch/pyro-shove/pyro-shove.standalone.html
19:23:45 [vite] (client) page reload .scratch/pyro-shove/pyro-shove.standalone.html
19:23:45 [vite] (client) page reload .scratch/pyro-shove/pyro-shove.standalone.html
19:23:45 [vite] (client) page reload .scratch/pyro-shove/pyro-shove.standalone.html
19:23:45 [vite] (client) page reload .scratch/pyro-shove/pyro-shove.standalone.html
19:23:45 [vite] (client) page reload .scratch/pyro-shove/pyro-shove.standalone.html
19:23:45 [vite] (client) page reload .scratch/pyro-shove/pyro-shove.standalone.html
19:25:15 [vite] (client) page reload .scratch/pyro-shove/pyro-shove.standalone.html
19:25:15 [vite] (client) page reload .scratch/pyro-shove/pyro-shove.standalone.html
19:25:15 [vite] (client) page reload .scratch/pyro-shove/pyro-shove.standalone.html
19:25:15 [vite] (client) page reload .scratch/pyro-shove/pyro-shove.standalone.html
19:25:15 [vite] (client) page reload .scratch/pyro-shove/pyro-shove.standalone.html
19:25:15 [vite] (client) page reload .scratch/pyro-shove/pyro-shove.standalone.html
19:25:15 [vite] (client) page reload .scratch/pyro-shove/pyro-shove.standalone.html
19:25:15 [vite] (client) page reload .scratch/pyro-shove/pyro-shove.standalone.html
19:25:16 [vite] (client) page reload .scratch/pyro-shove/pyro-shove.standalone.html
19:25:16 [vite] (client) page reload .scratch/pyro-shove/pyro-shove.standalone.html
19:25:16 [vite] (client) page reload .scratch/pyro-shove/pyro-shove.standalone.html
19:25:16 [vite] (client) page reload .scratch/pyro-shove/pyro-shove.standalone.html
19:25:16 [vite] (client) page reload .scratch/pyro-shove/pyro-shove.standalone.html
19:25:16 [vite] (client) page reload .scratch/pyro-shove/pyro-shove.standalone.html
19:25:16 [vite] (client) page reload .scratch/pyro-shove/pyro-shove.standalone.html
19:25:16 [vite] (client) page reload .scratch/pyro-shove/pyro-shove.standalone.html
19:25:16 [vite] (client) page reload .scratch/pyro-shove/pyro-shove.standalone.html
19:25:16 [vite] (client) page reload .scratch/pyro-shove/pyro-shove.standalone.html
19:25:16 [vite] (client) page reload .scratch/pyro-shove/pyro-shove.standalone.html
19:25:16 [vite] (client) page reload .scratch/pyro-shove/pyro-shove.standalone.html
19:25:16 [vite] (client) page reload .scratch/pyro-shove/pyro-shove.standalone.html
19:25:16 [vite] (client) page reload .scratch/pyro-shove/pyro-shove.standalone.html
19:25:16 [vite] (client) page reload .scratch/pyro-shove/pyro-shove.standalone.html
19:25:16 [vite] (client) page reload .scratch/pyro-shove/pyro-shove.standalone.html
19:25:16 [vite] (client) page reload .scratch/pyro-shove/pyro-shove.standalone.html
19:25:16 [vite] (client) page reload .scratch/pyro-shove/pyro-shove.standalone.html
19:25:16 [vite] (client) page reload .scratch/pyro-shove/pyro-shove.standalone.html
19:25:17 [vite] (client) page reload .scratch/pyro-shove/pyro-shove.standalone.html
19:25:17 [vite] (client) page reload .scratch/pyro-shove/pyro-shove.standalone.html
19:25:17 [vite] (client) page reload .scratch/pyro-shove/pyro-shove.standalone.html
19:25:17 [vite] (client) page reload .scratch/pyro-shove/pyro-shove.standalone.html
19:25:17 [vite] (client) page reload .scratch/pyro-shove/pyro-shove.standalone.html
19:25:17 [vite] (client) page reload .scratch/pyro-shove/pyro-shove.standalone.html
19:25:17 [vite] (client) page reload .scratch/pyro-shove/pyro-shove.standalone.html
19:25:17 [vite] (client) page reload .scratch/pyro-shove/pyro-shove.standalone.html
19:25:17 [vite] (client) page reload .scratch/pyro-shove/pyro-shove.standalone.html
19:25:17 [vite] (client) page reload .scratch/pyro-shove/pyro-shove.standalone.html
19:25:17 [vite] (client) page reload .scratch/pyro-shove/pyro-shove.standalone.html
19:25:17 [vite] (client) page reload .scratch/pyro-shove/pyro-shove.standalone.html
19:30:40 [vite] (client) page reload .scratch/pyro-shove/pyro-shove.standalone.html
19:30:40 [vite] (client) page reload .scratch/pyro-shove/pyro-shove.standalone.html
19:30:40 [vite] (client) page reload .scratch/pyro-shove/pyro-shove.standalone.html
19:30:40 [vite] (client) page reload .scratch/pyro-shove/pyro-shove.standalone.html
19:30:40 [vite] (client) page reload .scratch/pyro-shove/pyro-shove.standalone.html
19:30:40 [vite] (client) page reload .scratch/pyro-shove/pyro-shove.standalone.html
19:30:40 [vite] (client) page reload .scratch/pyro-shove/pyro-shove.standalone.html
19:30:40 [vite] (client) page reload .scratch/pyro-shove/pyro-shove.standalone.html
19:30:40 [vite] (client) page reload .scratch/pyro-shove/pyro-shove.standalone.html
19:30:40 [vite] (client) page reload .scratch/pyro-shove/pyro-shove.standalone.html
19:30:40 [vite] (client) page reload .scratch/pyro-shove/pyro-shove.standalone.html
19:30:40 [vite] (client) page reload .scratch/pyro-shove/pyro-shove.standalone.html
19:30:40 [vite] (client) page reload .scratch/pyro-shove/pyro-shove.standalone.html
19:30:40 [vite] (client) page reload .scratch/pyro-shove/pyro-shove.standalone.html
19:30:41 [vite] (client) page reload .scratch/pyro-shove/pyro-shove.standalone.html
19:30:41 [vite] (client) page reload .scratch/pyro-shove/pyro-shove.standalone.html
19:30:41 [vite] (client) page reload .scratch/pyro-shove/pyro-shove.standalone.html
19:30:41 [vite] (client) page reload .scratch/pyro-shove/pyro-shove.standalone.html
19:30:41 [vite] (client) page reload .scratch/pyro-shove/pyro-shove.standalone.html
19:30:41 [vite] (client) page reload .scratch/pyro-shove/pyro-shove.standalone.html
19:30:41 [vite] (client) page reload .scratch/pyro-shove/pyro-shove.standalone.html
19:30:41 [vite] (client) page reload .scratch/pyro-shove/pyro-shove.standalone.html
19:30:41 [vite] (client) page reload .scratch/pyro-shove/pyro-shove.standalone.html
19:30:41 [vite] (client) page reload .scratch/pyro-shove/pyro-shove.standalone.html
19:30:41 [vite] (client) page reload .scratch/pyro-shove/pyro-shove.standalone.html
19:30:41 [vite] (client) page reload .scratch/pyro-shove/pyro-shove.standalone.html
19:30:41 [vite] (client) page reload .scratch/pyro-shove/pyro-shove.standalone.html
19:30:41 [vite] (client) page reload .scratch/pyro-shove/pyro-shove.standalone.html
19:30:41 [vite] (client) page reload .scratch/pyro-shove/pyro-shove.standalone.html
19:30:41 [vite] (client) page reload .scratch/pyro-shove/pyro-shove.standalone.html
19:30:42 [vite] (client) page reload .scratch/pyro-shove/pyro-shove.standalone.html
19:30:42 [vite] (client) page reload .scratch/pyro-shove/pyro-shove.standalone.html
19:30:42 [vite] (client) page reload .scratch/pyro-shove/pyro-shove.standalone.html
19:30:42 [vite] (client) page reload .scratch/pyro-shove/pyro-shove.standalone.html
19:30:42 [vite] (client) page reload .scratch/pyro-shove/pyro-shove.standalone.html
19:30:42 [vite] (client) page reload .scratch/pyro-shove/pyro-shove.standalone.html
19:30:42 [vite] (client) page reload .scratch/pyro-shove/pyro-shove.standalone.html
19:30:42 [vite] (client) page reload .scratch/pyro-shove/pyro-shove.standalone.html
19:30:42 [vite] (client) page reload .scratch/pyro-shove/pyro-shove.standalone.html
19:30:42 [vite] (client) page reload .scratch/pyro-shove/pyro-shove.standalone.html
19:30:42 [vite] (client) page reload .scratch/pyro-shove/pyro-shove.standalone.html
19:30:42 [vite] (client) page reload .scratch/pyro-shove/pyro-shove.standalone.html
19:32:49 [vite] (client) page reload .scratch/pyro-shove/pyro-shove.standalone.html
19:32:49 [vite] (client) page reload .scratch/pyro-shove/pyro-shove.standalone.html
19:32:49 [vite] (client) page reload .scratch/pyro-shove/pyro-shove.standalone.html
19:32:49 [vite] (client) page reload .scratch/pyro-shove/pyro-shove.standalone.html
19:32:49 [vite] (client) page reload .scratch/pyro-shove/pyro-shove.standalone.html
19:32:49 [vite] (client) page reload .scratch/pyro-shove/pyro-shove.standalone.html
19:32:50 [vite] (client) page reload .scratch/pyro-shove/pyro-shove.standalone.html
19:32:50 [vite] (client) page reload .scratch/pyro-shove/pyro-shove.standalone.html
19:32:50 [vite] (client) page reload .scratch/pyro-shove/pyro-shove.standalone.html
19:32:50 [vite] (client) page reload .scratch/pyro-shove/pyro-shove.standalone.html
19:32:50 [vite] (client) page reload .scratch/pyro-shove/pyro-shove.standalone.html
19:32:50 [vite] (client) page reload .scratch/pyro-shove/pyro-shove.standalone.html
19:32:50 [vite] (client) page reload .scratch/pyro-shove/pyro-shove.standalone.html
19:32:50 [vite] (client) page reload .scratch/pyro-shove/pyro-shove.standalone.html
19:32:50 [vite] (client) page reload .scratch/pyro-shove/pyro-shove.standalone.html
19:32:50 [vite] (client) page reload .scratch/pyro-shove/pyro-shove.standalone.html
19:32:50 [vite] (client) page reload .scratch/pyro-shove/pyro-shove.standalone.html
19:32:50 [vite] (client) page reload .scratch/pyro-shove/pyro-shove.standalone.html
19:32:50 [vite] (client) page reload .scratch/pyro-shove/pyro-shove.standalone.html
19:32:50 [vite] (client) page reload .scratch/pyro-shove/pyro-shove.standalone.html
19:32:50 [vite] (client) page reload .scratch/pyro-shove/pyro-shove.standalone.html
19:32:50 [vite] (client) page reload .scratch/pyro-shove/pyro-shove.standalone.html
19:32:50 [vite] (client) page reload .scratch/pyro-shove/pyro-shove.standalone.html
19:32:51 [vite] (client) page reload .scratch/pyro-shove/pyro-shove.standalone.html
19:32:51 [vite] (client) page reload .scratch/pyro-shove/pyro-shove.standalone.html
19:32:51 [vite] (client) page reload .scratch/pyro-shove/pyro-shove.standalone.html
19:32:51 [vite] (client) page reload .scratch/pyro-shove/pyro-shove.standalone.html
19:32:51 [vite] (client) page reload .scratch/pyro-shove/pyro-shove.standalone.html
19:32:51 [vite] (client) page reload .scratch/pyro-shove/pyro-shove.standalone.html
19:32:51 [vite] (client) page reload .scratch/pyro-shove/pyro-shove.standalone.html
19:32:51 [vite] (client) page reload .scratch/pyro-shove/pyro-shove.standalone.html
19:32:51 [vite] (client) page reload .scratch/pyro-shove/pyro-shove.standalone.html
19:32:51 [vite] (client) page reload .scratch/pyro-shove/pyro-shove.standalone.html
19:32:51 [vite] (client) page reload .scratch/pyro-shove/pyro-shove.standalone.html
19:32:51 [vite] (client) page reload .scratch/pyro-shove/pyro-shove.standalone.html
19:32:51 [vite] (client) page reload .scratch/pyro-shove/pyro-shove.standalone.html
19:32:51 [vite] (client) page reload .scratch/pyro-shove/pyro-shove.standalone.html
19:32:51 [vite] (client) page reload .scratch/pyro-shove/pyro-shove.standalone.html
19:35:59 [vite] (client) page reload .scratch/pyro-shove/index.html
19:36:00 [vite] (client) page reload .scratch/pyro-shove/pyro-shove.standalone.html
19:36:00 [vite] (client) page reload .scratch/pyro-shove/pyro-shove.standalone.html
19:36:00 [vite] (client) page reload .scratch/pyro-shove/pyro-shove.standalone.html
19:36:00 [vite] (client) page reload .scratch/pyro-shove/pyro-shove.standalone.html
19:36:00 [vite] (client) page reload .scratch/pyro-shove/pyro-shove.standalone.html
19:36:00 [vite] (client) page reload .scratch/pyro-shove/pyro-shove.standalone.html
19:36:00 [vite] (client) page reload .scratch/pyro-shove/pyro-shove.standalone.html
19:36:00 [vite] (client) page reload .scratch/pyro-shove/pyro-shove.standalone.html
19:36:00 [vite] (client) page reload .scratch/pyro-shove/pyro-shove.standalone.html
19:36:00 [vite] (client) page reload .scratch/pyro-shove/pyro-shove.standalone.html
19:36:00 [vite] (client) page reload .scratch/pyro-shove/pyro-shove.standalone.html
19:36:00 [vite] (client) page reload .scratch/pyro-shove/pyro-shove.standalone.html
19:36:00 [vite] (client) page reload .scratch/pyro-shove/pyro-shove.standalone.html
19:36:00 [vite] (client) page reload .scratch/pyro-shove/pyro-shove.standalone.html
19:36:00 [vite] (client) page reload .scratch/pyro-shove/pyro-shove.standalone.html
19:36:00 [vite] (client) page reload .scratch/pyro-shove/pyro-shove.standalone.html
19:36:00 [vite] (client) page reload .scratch/pyro-shove/pyro-shove.standalone.html
19:36:00 [vite] (client) page reload .scratch/pyro-shove/pyro-shove.standalone.html
19:36:01 [vite] (client) page reload .scratch/pyro-shove/pyro-shove.standalone.html
19:36:01 [vite] (client) page reload .scratch/pyro-shove/pyro-shove.standalone.html
19:36:01 [vite] (client) page reload .scratch/pyro-shove/pyro-shove.standalone.html
19:36:01 [vite] (client) page reload .scratch/pyro-shove/pyro-shove.standalone.html
19:36:01 [vite] (client) page reload .scratch/pyro-shove/pyro-shove.standalone.html
19:36:01 [vite] (client) page reload .scratch/pyro-shove/pyro-shove.standalone.html
19:36:01 [vite] (client) page reload .scratch/pyro-shove/pyro-shove.standalone.html
19:36:01 [vite] (client) page reload .scratch/pyro-shove/pyro-shove.standalone.html
19:36:01 [vite] (client) page reload .scratch/pyro-shove/pyro-shove.standalone.html
19:36:01 [vite] (client) page reload .scratch/pyro-shove/pyro-shove.standalone.html
19:36:01 [vite] (client) page reload .scratch/pyro-shove/pyro-shove.standalone.html
19:36:01 [vite] (client) page reload .scratch/pyro-shove/pyro-shove.standalone.html
19:36:01 [vite] (client) page reload .scratch/pyro-shove/pyro-shove.standalone.html
19:36:01 [vite] (client) page reload .scratch/pyro-shove/pyro-shove.standalone.html
19:36:01 [vite] (client) page reload .scratch/pyro-shove/pyro-shove.standalone.html
19:36:01 [vite] (client) page reload .scratch/pyro-shove/pyro-shove.standalone.html
19:36:01 [vite] (client) page reload .scratch/pyro-shove/pyro-shove.standalone.html
19:36:01 [vite] (client) page reload .scratch/pyro-shove/pyro-shove.standalone.html
19:36:01 [vite] (client) page reload .scratch/pyro-shove/pyro-shove.standalone.html
19:36:02 [vite] (client) page reload .scratch/pyro-shove/pyro-shove.standalone.html
19:36:02 [vite] (client) page reload .scratch/pyro-shove/pyro-shove.standalone.html
19:36:02 [vite] (client) page reload .scratch/pyro-shove/pyro-shove.standalone.html
19:36:02 [vite] (client) page reload .scratch/pyro-shove/pyro-shove.artifact.html
19:36:02 [vite] (client) page reload .scratch/pyro-shove/pyro-shove.artifact.html
19:36:02 [vite] (client) page reload .scratch/pyro-shove/pyro-shove.artifact.html
19:36:02 [vite] (client) page reload .scratch/pyro-shove/pyro-shove.artifact.html
19:36:02 [vite] (client) page reload .scratch/pyro-shove/pyro-shove.artifact.html
19:36:02 [vite] (client) page reload .scratch/pyro-shove/pyro-shove.artifact.html
19:36:02 [vite] (client) page reload .scratch/pyro-shove/pyro-shove.artifact.html
19:36:02 [vite] (client) page reload .scratch/pyro-shove/pyro-shove.artifact.html
19:36:02 [vite] (client) page reload .scratch/pyro-shove/pyro-shove.artifact.html
19:36:02 [vite] (client) page reload .scratch/pyro-shove/pyro-shove.artifact.html
19:36:02 [vite] (client) page reload .scratch/pyro-shove/pyro-shove.artifact.html
19:36:02 [vite] (client) page reload .scratch/pyro-shove/pyro-shove.artifact.html
19:36:02 [vite] (client) page reload .scratch/pyro-shove/pyro-shove.artifact.html
19:36:02 [vite] (client) page reload .scratch/pyro-shove/pyro-shove.artifact.html
19:36:02 [vite] (client) page reload .scratch/pyro-shove/pyro-shove.artifact.html
19:36:02 [vite] (client) page reload .scratch/pyro-shove/pyro-shove.artifact.html
19:36:03 [vite] (client) page reload .scratch/pyro-shove/pyro-shove.artifact.html
19:36:03 [vite] (client) page reload .scratch/pyro-shove/pyro-shove.artifact.html
19:36:03 [vite] (client) page reload .scratch/pyro-shove/pyro-shove.artifact.html
19:36:03 [vite] (client) page reload .scratch/pyro-shove/pyro-shove.artifact.html
19:36:03 [vite] (client) page reload .scratch/pyro-shove/pyro-shove.artifact.html
19:36:03 [vite] (client) page reload .scratch/pyro-shove/pyro-shove.artifact.html
19:36:03 [vite] (client) page reload .scratch/pyro-shove/pyro-shove.artifact.html
19:36:03 [vite] (client) page reload .scratch/pyro-shove/pyro-shove.artifact.html
19:36:03 [vite] (client) page reload .scratch/pyro-shove/pyro-shove.artifact.html
19:36:03 [vite] (client) page reload .scratch/pyro-shove/pyro-shove.artifact.html
19:36:03 [vite] (client) page reload .scratch/pyro-shove/pyro-shove.artifact.html
19:36:03 [vite] (client) page reload .scratch/pyro-shove/pyro-shove.artifact.html
19:36:03 [vite] (client) page reload .scratch/pyro-shove/pyro-shove.artifact.html
19:36:03 [vite] (client) page reload .scratch/pyro-shove/pyro-shove.artifact.html
19:36:03 [vite] (client) page reload .scratch/pyro-shove/pyro-shove.artifact.html
19:36:03 [vite] (client) page reload .scratch/pyro-shove/pyro-shove.artifact.html
19:36:03 [vite] (client) page reload .scratch/pyro-shove/pyro-shove.artifact.html
19:36:03 [vite] (client) page reload .scratch/pyro-shove/pyro-shove.artifact.html
19:36:03 [vite] (client) page reload .scratch/pyro-shove/pyro-shove.artifact.html
19:36:04 [vite] (client) page reload .scratch/pyro-shove/pyro-shove.artifact.html
19:36:04 [vite] (client) page reload .scratch/pyro-shove/pyro-shove.artifact.html
19:36:04 [vite] (client) page reload .scratch/pyro-shove/pyro-shove.artifact.html
19:36:04 [vite] (client) page reload .scratch/pyro-shove/pyro-shove.artifact.html
19:36:04 [vite] (client) page reload .scratch/pyro-shove/pyro-shove.artifact.html
19:41:24 [vite] (client) page reload .scratch/pyro-shove/pyro-shove.standalone.html
19:41:24 [vite] (client) page reload .scratch/pyro-shove/pyro-shove.standalone.html
19:41:24 [vite] (client) page reload .scratch/pyro-shove/pyro-shove.standalone.html
19:41:25 [vite] (client) page reload .scratch/pyro-shove/pyro-shove.standalone.html
19:41:25 [vite] (client) page reload .scratch/pyro-shove/pyro-shove.standalone.html
19:41:25 [vite] (client) page reload .scratch/pyro-shove/pyro-shove.standalone.html
19:41:25 [vite] (client) page reload .scratch/pyro-shove/pyro-shove.standalone.html
19:41:25 [vite] (client) page reload .scratch/pyro-shove/pyro-shove.standalone.html
19:41:25 [vite] (client) page reload .scratch/pyro-shove/pyro-shove.standalone.html
19:41:25 [vite] (client) page reload .scratch/pyro-shove/pyro-shove.standalone.html
19:41:25 [vite] (client) page reload .scratch/pyro-shove/pyro-shove.standalone.html
19:41:25 [vite] (client) page reload .scratch/pyro-shove/pyro-shove.standalone.html
19:41:25 [vite] (client) page reload .scratch/pyro-shove/pyro-shove.standalone.html
19:41:25 [vite] (client) page reload .scratch/pyro-shove/pyro-shove.standalone.html
19:41:25 [vite] (client) page reload .scratch/pyro-shove/pyro-shove.standalone.html
19:41:25 [vite] (client) page reload .scratch/pyro-shove/pyro-shove.standalone.html
19:41:25 [vite] (client) page reload .scratch/pyro-shove/pyro-shove.standalone.html
19:41:25 [vite] (client) page reload .scratch/pyro-shove/pyro-shove.standalone.html
19:41:25 [vite] (client) page reload .scratch/pyro-shove/pyro-shove.standalone.html
19:41:25 [vite] (client) page reload .scratch/pyro-shove/pyro-shove.standalone.html
19:41:25 [vite] (client) page reload .scratch/pyro-shove/pyro-shove.standalone.html
19:41:25 [vite] (client) page reload .scratch/pyro-shove/pyro-shove.standalone.html
19:41:26 [vite] (client) page reload .scratch/pyro-shove/pyro-shove.standalone.html
19:41:26 [vite] (client) page reload .scratch/pyro-shove/pyro-shove.standalone.html
19:41:26 [vite] (client) page reload .scratch/pyro-shove/pyro-shove.standalone.html
19:41:26 [vite] (client) page reload .scratch/pyro-shove/pyro-shove.standalone.html
19:41:26 [vite] (client) page reload .scratch/pyro-shove/pyro-shove.standalone.html
19:41:26 [vite] (client) page reload .scratch/pyro-shove/pyro-shove.standalone.html
19:41:26 [vite] (client) page reload .scratch/pyro-shove/pyro-shove.standalone.html
19:41:26 [vite] (client) page reload .scratch/pyro-shove/pyro-shove.standalone.html
19:41:26 [vite] (client) page reload .scratch/pyro-shove/pyro-shove.standalone.html
19:41:26 [vite] (client) page reload .scratch/pyro-shove/pyro-shove.standalone.html
19:41:26 [vite] (client) page reload .scratch/pyro-shove/pyro-shove.standalone.html
19:41:26 [vite] (client) page reload .scratch/pyro-shove/pyro-shove.standalone.html
19:41:26 [vite] (client) page reload .scratch/pyro-shove/pyro-shove.standalone.html
19:41:26 [vite] (client) page reload .scratch/pyro-shove/pyro-shove.standalone.html
19:41:26 [vite] (client) page reload .scratch/pyro-shove/pyro-shove.standalone.html
19:41:26 [vite] (client) page reload .scratch/pyro-shove/pyro-shove.standalone.html
19:41:26 [vite] (client) page reload .scratch/pyro-shove/pyro-shove.standalone.html
19:41:26 [vite] (client) page reload .scratch/pyro-shove/pyro-shove.standalone.html
19:41:26 [vite] (client) page reload .scratch/pyro-shove/pyro-shove.standalone.html
19:41:27 [vite] (client) page reload .scratch/pyro-shove/pyro-shove.standalone.html
19:41:27 [vite] (client) page reload .scratch/pyro-shove/pyro-shove.standalone.html
19:41:27 [vite] (client) page reload .scratch/pyro-shove/pyro-shove.standalone.html
19:41:27 [vite] (client) page reload .scratch/pyro-shove/pyro-shove.standalone.html
19:41:27 [vite] (client) page reload .scratch/pyro-shove/pyro-shove.standalone.html
19:41:27 [vite] (client) page reload .scratch/pyro-shove/pyro-shove.standalone.html
19:41:27 [vite] (client) page reload .scratch/pyro-shove/pyro-shove.standalone.html
19:41:27 [vite] (client) page reload .scratch/pyro-shove/pyro-shove.standalone.html
19:41:27 [vite] (client) page reload .scratch/pyro-shove/pyro-shove.standalone.html
19:41:27 [vite] (client) page reload .scratch/pyro-shove/pyro-shove.standalone.html
19:41:27 [vite] (client) page reload .scratch/pyro-shove/pyro-shove.standalone.html
19:41:27 [vite] (client) page reload .scratch/pyro-shove/pyro-shove.standalone.html
19:41:27 [vite] (client) page reload .scratch/pyro-shove/pyro-shove.standalone.html
19:41:27 [vite] (client) page reload .scratch/pyro-shove/pyro-shove.standalone.html
19:41:27 [vite] (client) page reload .scratch/pyro-shove/pyro-shove.standalone.html
19:41:27 [vite] (client) page reload .scratch/pyro-shove/pyro-shove.standalone.html
19:41:27 [vite] (client) page reload .scratch/pyro-shove/pyro-shove.standalone.html
19:41:27 [vite] (client) page reload .scratch/pyro-shove/pyro-shove.standalone.html
19:41:27 [vite] (client) page reload .scratch/pyro-shove/pyro-shove.standalone.html
19:41:28 [vite] (client) page reload .scratch/pyro-shove/pyro-shove.standalone.html
19:41:28 [vite] (client) page reload .scratch/pyro-shove/pyro-shove.standalone.html
19:41:28 [vite] (client) page reload .scratch/pyro-shove/pyro-shove.standalone.html
19:41:28 [vite] (client) page reload .scratch/pyro-shove/pyro-shove.standalone.html
19:41:28 [vite] (client) page reload .scratch/pyro-shove/pyro-shove.standalone.html
19:41:28 [vite] (client) page reload .scratch/pyro-shove/pyro-shove.standalone.html
19:41:28 [vite] (client) page reload .scratch/pyro-shove/pyro-shove.standalone.html
19:41:28 [vite] (client) page reload .scratch/pyro-shove/pyro-shove.standalone.html
19:41:28 [vite] (client) page reload .scratch/pyro-shove/pyro-shove.standalone.html
19:41:28 [vite] (client) page reload .scratch/pyro-shove/pyro-shove.standalone.html
19:41:28 [vite] (client) page reload .scratch/pyro-shove/pyro-shove.standalone.html
19:41:28 [vite] (client) page reload .scratch/pyro-shove/pyro-shove.standalone.html
19:41:28 [vite] (client) page reload .scratch/pyro-shove/pyro-shove.artifact.html
19:41:28 [vite] (client) page reload .scratch/pyro-shove/pyro-shove.artifact.html
19:41:28 [vite] (client) page reload .scratch/pyro-shove/pyro-shove.artifact.html
19:41:28 [vite] (client) page reload .scratch/pyro-shove/pyro-shove.artifact.html
19:41:28 [vite] (client) page reload .scratch/pyro-shove/pyro-shove.artifact.html
19:41:28 [vite] (client) page reload .scratch/pyro-shove/pyro-shove.artifact.html
19:41:29 [vite] (client) page reload .scratch/pyro-shove/pyro-shove.artifact.html
19:41:29 [vite] (client) page reload .scratch/pyro-shove/pyro-shove.artifact.html
19:41:29 [vite] (client) page reload .scratch/pyro-shove/pyro-shove.artifact.html
19:41:29 [vite] (client) page reload .scratch/pyro-shove/pyro-shove.artifact.html
19:41:29 [vite] (client) page reload .scratch/pyro-shove/pyro-shove.artifact.html
19:41:29 [vite] (client) page reload .scratch/pyro-shove/pyro-shove.artifact.html
19:41:29 [vite] (client) page reload .scratch/pyro-shove/pyro-shove.artifact.html
19:41:29 [vite] (client) page reload .scratch/pyro-shove/pyro-shove.artifact.html
19:41:29 [vite] (client) page reload .scratch/pyro-shove/pyro-shove.artifact.html
19:41:29 [vite] (client) page reload .scratch/pyro-shove/pyro-shove.artifact.html
19:41:29 [vite] (client) page reload .scratch/pyro-shove/pyro-shove.artifact.html
19:41:29 [vite] (client) page reload .scratch/pyro-shove/pyro-shove.artifact.html
19:41:29 [vite] (client) page reload .scratch/pyro-shove/pyro-shove.artifact.html
19:41:29 [vite] (client) page reload .scratch/pyro-shove/pyro-shove.artifact.html
19:41:29 [vite] (client) page reload .scratch/pyro-shove/pyro-shove.artifact.html
19:41:29 [vite] (client) page reload .scratch/pyro-shove/pyro-shove.artifact.html
19:41:29 [vite] (client) page reload .scratch/pyro-shove/pyro-shove.artifact.html
19:41:29 [vite] (client) page reload .scratch/pyro-shove/pyro-shove.artifact.html
19:41:30 [vite] (client) page reload .scratch/pyro-shove/pyro-shove.artifact.html
19:41:30 [vite] (client) page reload .scratch/pyro-shove/pyro-shove.artifact.html
19:41:30 [vite] (client) page reload .scratch/pyro-shove/pyro-shove.artifact.html
19:41:30 [vite] (client) page reload .scratch/pyro-shove/pyro-shove.artifact.html
19:41:30 [vite] (client) page reload .scratch/pyro-shove/pyro-shove.artifact.html
19:41:30 [vite] (client) page reload .scratch/pyro-shove/pyro-shove.artifact.html
19:41:30 [vite] (client) page reload .scratch/pyro-shove/pyro-shove.artifact.html
19:41:30 [vite] (client) page reload .scratch/pyro-shove/pyro-shove.artifact.html
19:41:30 [vite] (client) page reload .scratch/pyro-shove/pyro-shove.artifact.html
19:41:30 [vite] (client) page reload .scratch/pyro-shove/pyro-shove.artifact.html
19:41:30 [vite] (client) page reload .scratch/pyro-shove/pyro-shove.artifact.html
19:41:30 [vite] (client) page reload .scratch/pyro-shove/pyro-shove.artifact.html
19:41:30 [vite] (client) page reload .scratch/pyro-shove/pyro-shove.artifact.html
19:41:30 [vite] (client) page reload .scratch/pyro-shove/pyro-shove.artifact.html
19:41:30 [vite] (client) page reload .scratch/pyro-shove/pyro-shove.artifact.html
19:41:30 [vite] (client) page reload .scratch/pyro-shove/pyro-shove.artifact.html
19:41:30 [vite] (client) page reload .scratch/pyro-shove/pyro-shove.artifact.html
19:41:30 [vite] (client) page reload .scratch/pyro-shove/pyro-shove.artifact.html
19:41:30 [vite] (client) page reload .scratch/pyro-shove/pyro-shove.artifact.html
19:41:31 [vite] (client) page reload .scratch/pyro-shove/pyro-shove.artifact.html
19:41:31 [vite] (client) page reload .scratch/pyro-shove/pyro-shove.artifact.html
19:41:31 [vite] (client) page reload .scratch/pyro-shove/pyro-shove.artifact.html
19:41:31 [vite] (client) page reload .scratch/pyro-shove/pyro-shove.artifact.html
19:41:31 [vite] (client) page reload .scratch/pyro-shove/pyro-shove.artifact.html
19:41:31 [vite] (client) page reload .scratch/pyro-shove/pyro-shove.artifact.html
19:41:31 [vite] (client) page reload .scratch/pyro-shove/pyro-shove.artifact.html
19:41:31 [vite] (client) page reload .scratch/pyro-shove/pyro-shove.artifact.html
19:41:31 [vite] (client) page reload .scratch/pyro-shove/pyro-shove.artifact.html
19:41:31 [vite] (client) page reload .scratch/pyro-shove/pyro-shove.artifact.html
19:41:31 [vite] (client) page reload .scratch/pyro-shove/pyro-shove.artifact.html
19:41:31 [vite] (client) page reload .scratch/pyro-shove/pyro-shove.artifact.html
19:41:31 [vite] (client) page reload .scratch/pyro-shove/pyro-shove.artifact.html
19:41:31 [vite] (client) page reload .scratch/pyro-shove/pyro-shove.artifact.html
19:41:31 [vite] (client) page reload .scratch/pyro-shove/pyro-shove.artifact.html
19:41:31 [vite] (client) page reload .scratch/pyro-shove/pyro-shove.artifact.html
19:41:31 [vite] (client) page reload .scratch/pyro-shove/pyro-shove.artifact.html
19:41:31 [vite] (client) page reload .scratch/pyro-shove/pyro-shove.artifact.html
19:41:31 [vite] (client) page reload .scratch/pyro-shove/pyro-shove.artifact.html
19:41:32 [vite] (client) page reload .scratch/pyro-shove/pyro-shove.artifact.html
19:41:32 [vite] (client) page reload .scratch/pyro-shove/pyro-shove.artifact.html
19:41:32 [vite] (client) page reload .scratch/pyro-shove/pyro-shove.artifact.html
19:41:32 [vite] (client) page reload .scratch/pyro-shove/pyro-shove.artifact.html
19:41:32 [vite] (client) page reload .scratch/pyro-shove/pyro-shove.artifact.html
19:41:32 [vite] (client) page reload .scratch/pyro-shove/pyro-shove.artifact.html
19:41:32 [vite] (client) page reload .scratch/pyro-shove/pyro-shove.artifact.html
19:41:32 [vite] (client) page reload .scratch/pyro-shove/pyro-shove.artifact.html
19:41:32 [vite] (client) page reload .scratch/pyro-shove/pyro-shove.artifact.html
19:41:32 [vite] (client) page reload .scratch/pyro-shove/pyro-shove.artifact.html
19:41:32 [vite] (client) page reload .scratch/pyro-shove/pyro-shove.artifact.html
19:41:32 [vite] (client) page reload .scratch/pyro-shove/pyro-shove.artifact.html
19:41:32 [vite] (client) page reload .scratch/pyro-shove/pyro-shove.artifact.html
19:41:32 [vite] (client) page reload .scratch/pyro-shove/pyro-shove.artifact.html
19:41:32 [vite] (client) page reload .scratch/pyro-shove/pyro-shove.artifact.html
19:41:32 [vite] (client) page reload .scratch/pyro-shove/pyro-shove.artifact.html
